2026-06-15 09:02:45 ERROR Failed to connect to database
2026-06-15 09:05:01 ERROR User authentication failed
2026-06-15 09:08:55 ERROR Unable to write to log file
